--------------------------------------------------------------------------------------
Timing Analyzer Summary
--------------------------------------------------------------------------------------

Type           : Worst-case tsu
Slack          : N/A
Required Time  : None
Actual Time    : 1.403 ns
From           : reset_button
To             : sdcard:inst7|spi:spi5|control:ctrl1|state.idle
From Clock     : --
To Clock       : clock_50mhz
Failed Paths   : 0

Type           : Worst-case tco
Slack          : N/A
Required Time  : None
Actual Time    : 31.410 ns
From           : sdcard:inst7|state.start_receive_response_cmd16
To             : slave_clk
From Clock     : clock_50mhz
To Clock       : --
Failed Paths   : 0

Type           : Worst-case tpd
Slack          : N/A
Required Time  : None
Actual Time    : 10.654 ns
From           : miso_in
To             : test_out
From Clock     : --
To Clock       : --
Failed Paths   : 0

Type           : Worst-case th
Slack          : N/A
Required Time  : None
Actual Time    : 17.203 ns
From           : switch[1]
To             : sdcard:inst7|address_buf[1]
From Clock     : --
To Clock       : clock_50mhz
Failed Paths   : 0

Type           : Clock Setup: 'clock_50mhz'
Slack          : N/A
Required Time  : None
Actual Time    : 31.49 MHz ( period = 31.760 ns )
From           : sdcard:inst7|send_cnt[0]
To             : sdcard:inst7|spi:spi5|shift_reg:shft1|reg_shift[3]
From Clock     : clock_50mhz
To Clock       : clock_50mhz
Failed Paths   : 0

Type           : Clock Hold: 'clock_50mhz'
Slack          : Not operational: Clock Skew > Data Delay
Required Time  : None
Actual Time    : N/A
From           : sdcard:inst7|spi:spi5|counter:cnt1|count[2]
To             : sdcard:inst7|spi:spi5|counter:cnt1|count[2]
From Clock     : clock_50mhz
To Clock       : clock_50mhz
Failed Paths   : 503

Type           : Total number of failed paths
Slack          : 
Required Time  : 
Actual Time    : 
From           : 
To             : 
From Clock     : 
To Clock       : 
Failed Paths   : 503

--------------------------------------------------------------------------------------

