------------------------------------------------------------
TimeQuest Timing Analyzer Summary
------------------------------------------------------------

Type  : Slow Model Setup 'clk'
Slack : 18.791
TNS   : 0.000

Type  : Slow Model Setup 'clock_5mhz'
Slack : 93.223
TNS   : 0.000

Type  : Slow Model Hold 'clock_5mhz'
Slack : -2.087
TNS   : -48.190

Type  : Slow Model Hold 'clk'
Slack : 0.445
TNS   : 0.000

Type  : Slow Model Recovery 'clock_5mhz'
Slack : 201.577
TNS   : 0.000

Type  : Slow Model Removal 'clock_5mhz'
Slack : -1.825
TNS   : -7.300

Type  : Slow Model Minimum Pulse Width 'clk'
Slack : 8.889
TNS   : 0.000

Type  : Slow Model Minimum Pulse Width 'clock_5mhz'
Slack : 98.889
TNS   : 0.000

Type  : Fast Model Setup 'clk'
Slack : 19.525
TNS   : 0.000

Type  : Fast Model Setup 'clock_5mhz'
Slack : 97.404
TNS   : 0.000

Type  : Fast Model Hold 'clock_5mhz'
Slack : -1.351
TNS   : -32.903

Type  : Fast Model Hold 'clk'
Slack : 0.215
TNS   : 0.000

Type  : Fast Model Recovery 'clock_5mhz'
Slack : 200.911
TNS   : 0.000

Type  : Fast Model Removal 'clock_5mhz'
Slack : -1.031
TNS   : -4.124

Type  : Fast Model Minimum Pulse Width 'clk'
Slack : 9.000
TNS   : 0.000

Type  : Fast Model Minimum Pulse Width 'clock_5mhz'
Slack : 99.000
TNS   : 0.000

------------------------------------------------------------
