                  0 DDUDUUUUUUUULLLLLLLLLLD
                 50 UDUDUUUUUUUULLLLLLLLLLD
                100 DDDDUUUUUUUULLLLLLLLLLD
                150 UDDDUUUUUUUULLLLLLLLLLD
                200 DDDUUUUUUUUULLLLLLLLLLD
                250 UDDUUUUUUUUUHHHHHHHHLHD
                300 DDDDUUUUUUUUHHHHHHHHLHD
                350 UDDDUUUUUUUUHHHHHHHHLHD
                400 DDDDUUUUUUUUHHHHHHHHLHD
                450 UDDDUUUUUUUUHHHHHHHHLHD
                500 DUDDUUUUUUUUHHHHHHHHLHD
                550 UUDDUUUUUUUUHHHHHHHHLHD
                600 DUDDUUUUUUUUHHHHHHHHLHD
                601 DUDDUUUUUUUUHHHHHHHHHHD
                650 UUDDUUUUUUUUHHHHHHHLHHD
                651 UUDDUUUUUUUUHHHHHHHLLHD
                700 DDDDUUUUUUUUHHHHHHHLLHD
                701 DDDDUUUUUUUUHHHHHHHLHHD
                750 UDDDUUUUUUUUHHHHHHLLHHD
                751 UDDDUUUUUUUUHHHHHHLLLHD
                800 DDDDUUUUUUUUHHHHHHLLLHD
                801 DDDDUUUUUUUUHHHHHHLLHHD
                850 UDDDUUUUUUUUHHHHHLLLHHD
                851 UDDDUUUUUUUUHHHHHLLLLHD
                900 DDDDUUUUUUUUHHHHHLLLLHD
                901 DDDDUUUUUUUUHHHHHLLLHHD
                950 UDDDUUUUUUUUHHHHLLLLHHD
                951 UDDDUUUUUUUUHHHHLLLLLHD
               1000 DDDDUUUUUUUUHHHHLLLLLHD
               1001 DDDDUUUUUUUUHHHHLLLLHHD
               1050 UDDDUUUUUUUUHHHLLLLLHHD
               1051 UDDDUUUUUUUUHHHLLLLLLHD
               1100 DDDDUUUUUUUUHHHLLLLLLHD
               1101 DDDDUUUUUUUUHHHLLLLLHHD
               1150 UDDDUUUUUUUUHHLLLLLLHHD
               1151 UDDDUUUUUUUUHHLLLLLLLHD
               1200 DDDDUUUUUUUUHHLLLLLLLHD
               1201 DDDDUUUUUUUUHHLLLLLLHHD
               1250 UDDDUUUUUUUUHLLLLLLLHHD
               1251 UDDDUUUUUUUUHLLLLLLLLHD
               1300 DDDDUUUUUUUUHLLLLLLLLHD
               1301 DDDDUUUUUUUUHLLLLLLLHHD
               1350 UDDDUUUUUUUULLLLLLLLLLD
               1400 DDDDUUUUUUUULLLLLLLLLLD
               1450 UDDDUUUUUUUULLLLLLLLLLD
               1500 DDDDUUUUUUUULLLLLLLLLLD
               1550 UDDDUUUUUUUULLLLLLLLLLD
               1600 DDDDUUUUUUUULLLLLLLLLLD
               1650 UDDDUUUUUUUULLLLLLLLLLD
               1700 DDDDUUUUUUUULLLLLLLLLLD
               1750 UDDDUUUUUUUULLLLLLLLLLD
               1800 DDDDUUUUUUUULLLLLLLLLLD
               1850 UDDDUUUUUUUULLLLLLLLLLD
               1900 DDDDUUUUUUUULLLLLLLLLLD
               1950 UDDDUUUUUUUULLLLLLLLLLD
               2000 DDDDUUUUUUUULLLLLLLLLLD
