                  0 DDUDUUUUUUUULLLLLLLLLLD
                 50 UDUDUUUUUUUULLLLLLLLLLD
                100 DDDDUUUUUUUULLLLLLLLLLD
                150 UDDDUUUUUUUULLLLLLLLLLD
                200 DDDUUUUUUUUULLLLLLLLLLD
                250 UDDUUUUUUUUUHHHHHHHHLHD
                300 DDDDUUUUUUUUHHHHHHHHLHD
                350 UDDDUUUUUUUUHHHHHHHHLHD
                400 DDDDUUUUUUUUHHHHHHHHLHD
                450 UDDDUUUUUUUUHHHHHHHHLHD
                500 DUDDUUUUUUUUHHHHHHHHLHD
                550 UUDDUUUUUUUUHHHHHHHHLHD
                600 DUDDUUUUUUUUHHHHHHHHHHD
                650 UUDDUUUUUUUUHHHHHHHLLHD
                700 DDDDUUUUUUUUHHHHHHHLHHD
                750 UDDDUUUUUUUUHHHHHHLLLHD
                800 DDDDUUUUUUUUHHHHHHLLHHD
                850 UDDDUUUUUUUUHHHHHLLLLHD
                900 DDDDUUUUUUUUHHHHHLLLHHD
                950 UDDDUUUUUUUUHHHHLLLLLHD
               1000 DDDDUUUUUUUUHHHHLLLLHHD
               1050 UDDDUUUUUUUUHHHLLLLLLHD
               1100 DDDDUUUUUUUUHHHLLLLLHHD
               1150 UDDDUUUUUUUUHHLLLLLLLHD
               1200 DDDDUUUUUUUUHHLLLLLLHHD
               1250 UDDDUUUUUUUUHLLLLLLLLHD
               1300 DDDDUUUUUUUUHLLLLLLLLHD
               1350 UDDDUUUUUUUUHLLLLLLLLHD
               1400 DDDDUUUUUUUUHLLLLLLLLHD
               1450 UDDDUUUUUUUUHLLLLLLLLHD
               1500 DDDDUUUUUUUUHLLLLLLLLHD
               1550 UDDDUUUUUUUUHLLLLLLLLHD
               1600 DDDDUUUUUUUUHLLLLLLLLHD
               1650 UDDDUUUUUUUUHLLLLLLLLHD
               1700 DDDDUUUUUUUUHLLLLLLLLHD
               1750 UDDDUUUUUUUUHLLLLLLLLHD
               1800 DDDDUUUUUUUUHLLLLLLLLHD
               1850 UDDDUUUUUUUUHLLLLLLLLHD
               1900 DDDDUUUUUUUUHLLLLLLLLHD
               1950 UDDDUUUUUUUUHLLLLLLLLHD
               2000 DDDDUUUUUUUUHLLLLLLLLHD
